Copyright 1986-2018 Xilinx, Inc. All Rights Reserved.
-----------------------------------------------------------------------------------------------
| Tool Version : Vivado v.2018.3 (win64) Build 2405991 Thu Dec  6 23:38:27 MST 2018
| Date         : Thu Mar 31 13:42:19 2022
| Host         : HUAWEI-Su running 64-bit major release  (build 9200)
| Command      : report_control_sets -verbose -file basys3_top_nodelay_control_sets_placed.rpt
| Design       : basys3_top_nodelay
| Device       : xc7a35t
-----------------------------------------------------------------------------------------------

Control Set Information

Table of Contents
-----------------
1. Summary
2. Histogram
3. Flip-Flop Distribution
4. Detailed Control Set Information

1. Summary
----------

+----------------------------------------------------------+-------+
|                          Status                          | Count |
+----------------------------------------------------------+-------+
| Number of unique control sets                            |   305 |
| Unused register locations in slices containing registers |    45 |
+----------------------------------------------------------+-------+


2. Histogram
------------

+--------+--------------+
| Fanout | Control Sets |
+--------+--------------+
|      3 |            1 |
|      8 |            1 |
|     14 |            1 |
|    16+ |          302 |
+--------+--------------+


3. Flip-Flop Distribution
-------------------------

+--------------+-----------------------+------------------------+-----------------+--------------+
| Clock Enable | Synchronous Set/Reset | Asynchronous Set/Reset | Total Registers | Total Slices |
+--------------+-----------------------+------------------------+-----------------+--------------+
| No           | No                    | No                     |             568 |          184 |
| No           | No                    | Yes                    |               0 |            0 |
| No           | Yes                   | No                     |             477 |          127 |
| Yes          | No                    | No                     |              40 |           10 |
| Yes          | No                    | Yes                    |               0 |            0 |
| Yes          | Yes                   | No                     |           19030 |         7342 |
+--------------+-----------------------+------------------------+-----------------+--------------+


4. Detailed Control Set Information
-----------------------------------

+-------------------------------------------------------+---------------------------------------------------------------------------------------------+---------------------------------------------------------------------+------------------+----------------+
|                      Clock Signal                     |                                        Enable Signal                                        |                           Set/Reset Signal                          | Slice Load Count | Bel Load Count |
+-------------------------------------------------------+---------------------------------------------------------------------------------------------+---------------------------------------------------------------------+------------------+----------------+
|  clk_IBUF_BUFG                                        |                                                                                             |                                                                     |                1 |              3 |
|  clk_IBUF_BUFG                                        | soc_top_inst/mycpu_top_nodelay/core_inst/execute_memory/E[0]                                |                                                                     |                2 |              8 |
|  clk_IBUF_BUFG                                        |                                                                                             | soc_top_inst/device_inst/bitTmr                                     |                4 |             14 |
|  clk_IBUF_BUFG                                        | soc_top_inst/device_inst/idx                                                                |                                                                     |                8 |             32 |
|  n_3_12341_BUFG                                       |                                                                                             |                                                                     |               11 |             32 |
|  clk_IBUF_BUFG                                        | soc_top_inst/device_inst/txBit_i_2_n_4                                                      | soc_top_inst/device_inst/txBit                                      |                9 |             33 |
|  soc_top_inst/clk_wiz_0/inst/cpu_clk                  | soc_top_inst/mycpu_top_nodelay/core_inst/execute_memory/dataE_out_reg[ctl][memwrite]_102[0] | btnC_IBUF                                                           |               29 |             64 |
|  soc_top_inst/clk_wiz_0/inst/cpu_clk                  | soc_top_inst/mycpu_top_nodelay/core_inst/execute_memory/dataE_out_reg[ctl][memwrite]_105[0] | btnC_IBUF                                                           |               29 |             64 |
|  soc_top_inst/clk_wiz_0/inst/cpu_clk                  | soc_top_inst/mycpu_top_nodelay/core_inst/execute_memory/dataE_out_reg[ctl][memwrite]_106[0] | btnC_IBUF                                                           |               23 |             64 |
|  soc_top_inst/clk_wiz_0/inst/cpu_clk                  | soc_top_inst/mycpu_top_nodelay/core_inst/execute_memory/dataE_out_reg[ctl][memwrite]_108[0] | btnC_IBUF                                                           |               26 |             64 |
|  soc_top_inst/clk_wiz_0/inst/cpu_clk                  | soc_top_inst/mycpu_top_nodelay/core_inst/execute_memory/dataE_out_reg[ctl][memwrite]_10[0]  | btnC_IBUF                                                           |               25 |             64 |
|  soc_top_inst/clk_wiz_0/inst/cpu_clk                  | soc_top_inst/mycpu_top_nodelay/core_inst/execute_memory/dataE_out_reg[ctl][memwrite]_107[0] | btnC_IBUF                                                           |               26 |             64 |
|  soc_top_inst/clk_wiz_0/inst/cpu_clk                  | soc_top_inst/mycpu_top_nodelay/core_inst/execute_memory/dataE_out_reg[ctl][memwrite]_109[0] | btnC_IBUF                                                           |               29 |             64 |
|  soc_top_inst/clk_wiz_0/inst/cpu_clk                  | soc_top_inst/mycpu_top_nodelay/core_inst/execute_memory/dataE_out_reg[ctl][memwrite]_104[0] | btnC_IBUF                                                           |               22 |             64 |
|  soc_top_inst/clk_wiz_0/inst/cpu_clk                  | soc_top_inst/mycpu_top_nodelay/core_inst/execute_memory/dataE_out_reg[ctl][memwrite]_110[0] | btnC_IBUF                                                           |               21 |             64 |
|  soc_top_inst/clk_wiz_0/inst/cpu_clk                  | soc_top_inst/mycpu_top_nodelay/core_inst/execute_memory/dataE_out_reg[ctl][memwrite]_111[0] | btnC_IBUF                                                           |               26 |             64 |
|  soc_top_inst/clk_wiz_0/inst/cpu_clk                  | soc_top_inst/mycpu_top_nodelay/core_inst/execute_memory/dataE_out_reg[ctl][memwrite]_112[0] | btnC_IBUF                                                           |               29 |             64 |
|  soc_top_inst/clk_wiz_0/inst/cpu_clk                  | soc_top_inst/mycpu_top_nodelay/core_inst/execute_memory/dataE_out_reg[ctl][memwrite]_103[0] | btnC_IBUF                                                           |               23 |             64 |
|  soc_top_inst/clk_wiz_0/inst/cpu_clk                  | soc_top_inst/mycpu_top_nodelay/core_inst/execute_memory/dataE_out_reg[ctl][memwrite]_11[0]  | btnC_IBUF                                                           |               22 |             64 |
|  soc_top_inst/clk_wiz_0/inst/cpu_clk                  | soc_top_inst/mycpu_top_nodelay/core_inst/execute_memory/dataE_out_reg[ctl][memwrite]_113[0] | btnC_IBUF                                                           |               29 |             64 |
|  soc_top_inst/clk_wiz_0/inst/cpu_clk                  | soc_top_inst/mycpu_top_nodelay/core_inst/execute_memory/dataE_out_reg[ctl][memwrite]_0[0]   | btnC_IBUF                                                           |               24 |             64 |
|  soc_top_inst/clk_wiz_0/inst/cpu_clk                  | soc_top_inst/mycpu_top_nodelay/core_inst/execute_memory/dataE_out_reg[ctl][memwrite]_122[0] | btnC_IBUF                                                           |               22 |             64 |
|  soc_top_inst/clk_wiz_0/inst/cpu_clk                  | soc_top_inst/mycpu_top_nodelay/core_inst/execute_memory/dataE_out_reg[ctl][memwrite]_141[0] | btnC_IBUF                                                           |               28 |             64 |
|  soc_top_inst/clk_wiz_0/inst/cpu_clk                  | soc_top_inst/mycpu_top_nodelay/core_inst/execute_memory/dataE_out_reg[ctl][memwrite]_130[0] | btnC_IBUF                                                           |               26 |             64 |
|  soc_top_inst/clk_wiz_0/inst/cpu_clk                  | soc_top_inst/mycpu_top_nodelay/core_inst/execute_memory/dataE_out_reg[ctl][memwrite]_136[0] | btnC_IBUF                                                           |               24 |             64 |
|  soc_top_inst/clk_wiz_0/inst/cpu_clk                  | soc_top_inst/mycpu_top_nodelay/core_inst/execute_memory/dataE_out_reg[ctl][memwrite]_124[0] | btnC_IBUF                                                           |               26 |             64 |
|  soc_top_inst/clk_wiz_0/inst/cpu_clk                  | soc_top_inst/mycpu_top_nodelay/core_inst/execute_memory/dataE_out_reg[ctl][memwrite]_157[0] | btnC_IBUF                                                           |               27 |             64 |
|  soc_top_inst/clk_wiz_0/inst/cpu_clk                  | soc_top_inst/mycpu_top_nodelay/core_inst/execute_memory/dataE_out_reg[ctl][memwrite]_115[0] | btnC_IBUF                                                           |               29 |             64 |
|  soc_top_inst/clk_wiz_0/inst/cpu_clk                  | soc_top_inst/mycpu_top_nodelay/core_inst/execute_memory/dataE_out_reg[ctl][memwrite]_146[0] | btnC_IBUF                                                           |               25 |             64 |
|  soc_top_inst/clk_wiz_0/inst/cpu_clk                  | soc_top_inst/mycpu_top_nodelay/core_inst/execute_memory/dataE_out_reg[ctl][memwrite]_149[0] | btnC_IBUF                                                           |               30 |             64 |
|  soc_top_inst/clk_wiz_0/inst/cpu_clk                  | soc_top_inst/mycpu_top_nodelay/core_inst/execute_memory/dataE_out_reg[ctl][memwrite]_132[0] | btnC_IBUF                                                           |               26 |             64 |
|  soc_top_inst/clk_wiz_0/inst/cpu_clk                  | soc_top_inst/mycpu_top_nodelay/core_inst/execute_memory/dataE_out_reg[ctl][memwrite]_140[0] | btnC_IBUF                                                           |               27 |             64 |
|  soc_top_inst/clk_wiz_0/inst/cpu_clk                  | soc_top_inst/mycpu_top_nodelay/core_inst/execute_memory/dataE_out_reg[ctl][memwrite]_14[0]  | btnC_IBUF                                                           |               25 |             64 |
|  soc_top_inst/clk_wiz_0/inst/cpu_clk                  | soc_top_inst/mycpu_top_nodelay/core_inst/execute_memory/dataE_out_reg[ctl][memwrite]_143[0] | btnC_IBUF                                                           |               22 |             64 |
|  soc_top_inst/clk_wiz_0/inst/cpu_clk                  | soc_top_inst/mycpu_top_nodelay/core_inst/execute_memory/dataE_out_reg[ctl][memwrite]_159[0] | btnC_IBUF                                                           |               23 |             64 |
|  soc_top_inst/clk_wiz_0/inst/cpu_clk                  | soc_top_inst/mycpu_top_nodelay/core_inst/execute_memory/dataE_out_reg[ctl][memwrite]_163[0] | btnC_IBUF                                                           |               24 |             64 |
|  soc_top_inst/clk_wiz_0/inst/cpu_clk                  | soc_top_inst/mycpu_top_nodelay/core_inst/execute_memory/dataE_out_reg[ctl][memwrite]_15[0]  | btnC_IBUF                                                           |               22 |             64 |
|  soc_top_inst/clk_wiz_0/inst/cpu_clk                  | soc_top_inst/mycpu_top_nodelay/core_inst/execute_memory/dataE_out_reg[ctl][memwrite]_150[0] | btnC_IBUF                                                           |               27 |             64 |
|  soc_top_inst/clk_wiz_0/inst/cpu_clk                  | soc_top_inst/mycpu_top_nodelay/core_inst/execute_memory/dataE_out_reg[ctl][memwrite]_161[0] | btnC_IBUF                                                           |               29 |             64 |
|  soc_top_inst/clk_wiz_0/inst/cpu_clk                  | soc_top_inst/mycpu_top_nodelay/core_inst/execute_memory/dataE_out_reg[ctl][memwrite]_116[0] | btnC_IBUF                                                           |               23 |             64 |
|  soc_top_inst/clk_wiz_0/inst/cpu_clk                  | soc_top_inst/mycpu_top_nodelay/core_inst/execute_memory/dataE_out_reg[ctl][memwrite]_16[0]  | btnC_IBUF                                                           |               25 |             64 |
|  soc_top_inst/clk_wiz_0/inst/cpu_clk                  | soc_top_inst/mycpu_top_nodelay/core_inst/execute_memory/dataE_out_reg[ctl][memwrite]_117[0] | btnC_IBUF                                                           |               25 |             64 |
|  soc_top_inst/clk_wiz_0/inst/cpu_clk                  | soc_top_inst/mycpu_top_nodelay/core_inst/execute_memory/dataE_out_reg[ctl][memwrite]_164[0] | btnC_IBUF                                                           |               25 |             64 |
|  soc_top_inst/clk_wiz_0/inst/cpu_clk                  | soc_top_inst/mycpu_top_nodelay/core_inst/execute_memory/dataE_out_reg[ctl][memwrite]_137[0] | btnC_IBUF                                                           |               24 |             64 |
|  soc_top_inst/clk_wiz_0/inst/cpu_clk                  | soc_top_inst/mycpu_top_nodelay/core_inst/execute_memory/dataE_out_reg[ctl][memwrite]_127[0] | btnC_IBUF                                                           |               25 |             64 |
|  soc_top_inst/clk_wiz_0/inst/cpu_clk                  | soc_top_inst/mycpu_top_nodelay/core_inst/execute_memory/dataE_out_reg[ctl][memwrite]_131[0] | btnC_IBUF                                                           |               22 |             64 |
|  soc_top_inst/clk_wiz_0/inst/cpu_clk                  | soc_top_inst/mycpu_top_nodelay/core_inst/execute_memory/dataE_out_reg[ctl][memwrite]_145[0] | btnC_IBUF                                                           |               28 |             64 |
|  soc_top_inst/clk_wiz_0/inst/cpu_clk                  | soc_top_inst/mycpu_top_nodelay/core_inst/execute_memory/dataE_out_reg[ctl][memwrite]_13[0]  | btnC_IBUF                                                           |               23 |             64 |
|  soc_top_inst/clk_wiz_0/inst/cpu_clk                  | soc_top_inst/mycpu_top_nodelay/core_inst/execute_memory/dataE_out_reg[ctl][memwrite]_158[0] | btnC_IBUF                                                           |               22 |             64 |
|  soc_top_inst/clk_wiz_0/inst/cpu_clk                  | soc_top_inst/mycpu_top_nodelay/core_inst/execute_memory/dataE_out_reg[ctl][memwrite]_119[0] | btnC_IBUF                                                           |               24 |             64 |
|  soc_top_inst/clk_wiz_0/inst/cpu_clk                  | soc_top_inst/mycpu_top_nodelay/core_inst/execute_memory/dataE_out_reg[ctl][memwrite]_135[0] | btnC_IBUF                                                           |               28 |             64 |
|  soc_top_inst/clk_wiz_0/inst/cpu_clk                  | soc_top_inst/mycpu_top_nodelay/core_inst/execute_memory/dataE_out_reg[ctl][memwrite]_120[0] | btnC_IBUF                                                           |               21 |             64 |
|  soc_top_inst/clk_wiz_0/inst/cpu_clk                  | soc_top_inst/mycpu_top_nodelay/core_inst/execute_memory/dataE_out_reg[ctl][memwrite]_152[0] | btnC_IBUF                                                           |               27 |             64 |
|  soc_top_inst/clk_wiz_0/inst/cpu_clk                  | soc_top_inst/mycpu_top_nodelay/core_inst/execute_memory/dataE_out_reg[ctl][memwrite]_154[0] | btnC_IBUF                                                           |               21 |             64 |
|  soc_top_inst/clk_wiz_0/inst/cpu_clk                  | soc_top_inst/mycpu_top_nodelay/core_inst/execute_memory/dataE_out_reg[ctl][memwrite]_165[0] | btnC_IBUF                                                           |               27 |             64 |
|  soc_top_inst/clk_wiz_0/inst/cpu_clk                  | soc_top_inst/mycpu_top_nodelay/core_inst/execute_memory/dataE_out_reg[ctl][memwrite]_166[0] | btnC_IBUF                                                           |               23 |             64 |
|  soc_top_inst/clk_wiz_0/inst/cpu_clk                  | soc_top_inst/mycpu_top_nodelay/core_inst/execute_memory/dataE_out_reg[ctl][memwrite]_167[0] | btnC_IBUF                                                           |               28 |             64 |
|  soc_top_inst/clk_wiz_0/inst/cpu_clk                  | soc_top_inst/mycpu_top_nodelay/core_inst/execute_memory/dataE_out_reg[ctl][memwrite]_168[0] | btnC_IBUF                                                           |               31 |             64 |
|  soc_top_inst/clk_wiz_0/inst/cpu_clk                  | soc_top_inst/mycpu_top_nodelay/core_inst/execute_memory/dataE_out_reg[ctl][memwrite]_170[0] | btnC_IBUF                                                           |               27 |             64 |
|  soc_top_inst/clk_wiz_0/inst/cpu_clk                  | soc_top_inst/mycpu_top_nodelay/core_inst/execute_memory/dataE_out_reg[ctl][memwrite]_148[0] | btnC_IBUF                                                           |               22 |             64 |
|  soc_top_inst/clk_wiz_0/inst/cpu_clk                  | soc_top_inst/mycpu_top_nodelay/core_inst/execute_memory/dataE_out_reg[ctl][memwrite]_12[0]  | btnC_IBUF                                                           |               27 |             64 |
|  soc_top_inst/clk_wiz_0/inst/cpu_clk                  | soc_top_inst/mycpu_top_nodelay/core_inst/execute_memory/dataE_out_reg[ctl][memwrite]_114[0] | btnC_IBUF                                                           |               25 |             64 |
|  soc_top_inst/clk_wiz_0/inst/cpu_clk                  | soc_top_inst/mycpu_top_nodelay/core_inst/execute_memory/dataE_out_reg[ctl][memwrite]_139[0] | btnC_IBUF                                                           |               21 |             64 |
|  soc_top_inst/clk_wiz_0/inst/cpu_clk                  | soc_top_inst/mycpu_top_nodelay/core_inst/execute_memory/dataE_out_reg[ctl][memwrite]_134[0] | btnC_IBUF                                                           |               22 |             64 |
|  soc_top_inst/clk_wiz_0/inst/cpu_clk                  | soc_top_inst/mycpu_top_nodelay/core_inst/execute_memory/dataE_out_reg[ctl][memwrite]_160[0] | btnC_IBUF                                                           |               22 |             64 |
|  soc_top_inst/clk_wiz_0/inst/cpu_clk                  | soc_top_inst/mycpu_top_nodelay/core_inst/execute_memory/dataE_out_reg[ctl][memwrite]_133[0] | btnC_IBUF                                                           |               27 |             64 |
|  soc_top_inst/clk_wiz_0/inst/cpu_clk                  | soc_top_inst/mycpu_top_nodelay/core_inst/execute_memory/dataE_out_reg[ctl][memwrite]_123[0] | btnC_IBUF                                                           |               23 |             64 |
|  soc_top_inst/clk_wiz_0/inst/cpu_clk                  | soc_top_inst/mycpu_top_nodelay/core_inst/execute_memory/dataE_out_reg[ctl][memwrite]_144[0] | btnC_IBUF                                                           |               21 |             64 |
|  soc_top_inst/clk_wiz_0/inst/cpu_clk                  | soc_top_inst/mycpu_top_nodelay/core_inst/execute_memory/dataE_out_reg[ctl][memwrite]_153[0] | btnC_IBUF                                                           |               28 |             64 |
|  soc_top_inst/clk_wiz_0/inst/cpu_clk                  | soc_top_inst/mycpu_top_nodelay/core_inst/execute_memory/dataE_out_reg[ctl][memwrite]_169[0] | btnC_IBUF                                                           |               19 |             64 |
|  soc_top_inst/clk_wiz_0/inst/cpu_clk                  | soc_top_inst/mycpu_top_nodelay/core_inst/execute_memory/dataE_out_reg[ctl][memwrite]_162[0] | btnC_IBUF                                                           |               28 |             64 |
|  soc_top_inst/clk_wiz_0/inst/cpu_clk                  | soc_top_inst/mycpu_top_nodelay/core_inst/execute_memory/dataE_out_reg[ctl][memwrite]_126[0] | btnC_IBUF                                                           |               24 |             64 |
|  soc_top_inst/clk_wiz_0/inst/cpu_clk                  | soc_top_inst/mycpu_top_nodelay/core_inst/execute_memory/dataE_out_reg[ctl][memwrite]_121[0] | btnC_IBUF                                                           |               28 |             64 |
|  soc_top_inst/clk_wiz_0/inst/cpu_clk                  | soc_top_inst/mycpu_top_nodelay/core_inst/execute_memory/dataE_out_reg[ctl][memwrite]_128[0] | btnC_IBUF                                                           |               29 |             64 |
|  soc_top_inst/clk_wiz_0/inst/cpu_clk                  | soc_top_inst/mycpu_top_nodelay/core_inst/execute_memory/dataE_out_reg[ctl][memwrite]_142[0] | btnC_IBUF                                                           |               27 |             64 |
|  soc_top_inst/clk_wiz_0/inst/cpu_clk                  | soc_top_inst/mycpu_top_nodelay/core_inst/execute_memory/dataE_out_reg[ctl][memwrite]_17[0]  | btnC_IBUF                                                           |               25 |             64 |
|  soc_top_inst/clk_wiz_0/inst/cpu_clk                  | soc_top_inst/mycpu_top_nodelay/core_inst/execute_memory/dataE_out_reg[ctl][memwrite]_171[0] | btnC_IBUF                                                           |               25 |             64 |
|  soc_top_inst/clk_wiz_0/inst/cpu_clk                  | soc_top_inst/mycpu_top_nodelay/core_inst/execute_memory/dataE_out_reg[ctl][memwrite]_129[0] | btnC_IBUF                                                           |               21 |             64 |
|  soc_top_inst/clk_wiz_0/inst/cpu_clk                  | soc_top_inst/mycpu_top_nodelay/core_inst/execute_memory/dataE_out_reg[ctl][memwrite]_147[0] | btnC_IBUF                                                           |               23 |             64 |
|  soc_top_inst/clk_wiz_0/inst/cpu_clk                  | soc_top_inst/mycpu_top_nodelay/core_inst/execute_memory/dataE_out_reg[ctl][memwrite]_156[0] | btnC_IBUF                                                           |               23 |             64 |
|  soc_top_inst/clk_wiz_0/inst/cpu_clk                  | soc_top_inst/mycpu_top_nodelay/core_inst/execute_memory/dataE_out_reg[ctl][memwrite]_151[0] | btnC_IBUF                                                           |               21 |             64 |
|  soc_top_inst/clk_wiz_0/inst/cpu_clk                  | soc_top_inst/mycpu_top_nodelay/core_inst/execute_memory/dataE_out_reg[ctl][memwrite]_155[0] | btnC_IBUF                                                           |               25 |             64 |
|  soc_top_inst/clk_wiz_0/inst/cpu_clk                  | soc_top_inst/mycpu_top_nodelay/core_inst/execute_memory/dataE_out_reg[ctl][memwrite]_138[0] | btnC_IBUF                                                           |               27 |             64 |
|  soc_top_inst/clk_wiz_0/inst/cpu_clk                  | soc_top_inst/mycpu_top_nodelay/core_inst/execute_memory/dataE_out_reg[ctl][memwrite]_118[0] | btnC_IBUF                                                           |               29 |             64 |
|  soc_top_inst/clk_wiz_0/inst/cpu_clk                  | soc_top_inst/mycpu_top_nodelay/core_inst/execute_memory/dataE_out_reg[ctl][memwrite]_210[0] | btnC_IBUF                                                           |               23 |             64 |
|  soc_top_inst/clk_wiz_0/inst/cpu_clk                  | soc_top_inst/mycpu_top_nodelay/core_inst/execute_memory/dataE_out_reg[ctl][memwrite]_216[0] | btnC_IBUF                                                           |               24 |             64 |
|  soc_top_inst/clk_wiz_0/inst/cpu_clk                  | soc_top_inst/mycpu_top_nodelay/core_inst/execute_memory/dataE_out_reg[ctl][memwrite]_182[0] | btnC_IBUF                                                           |               25 |             64 |
|  soc_top_inst/clk_wiz_0/inst/cpu_clk                  | soc_top_inst/mycpu_top_nodelay/core_inst/execute_memory/dataE_out_reg[ctl][memwrite]_205[0] | btnC_IBUF                                                           |               28 |             64 |
|  soc_top_inst/clk_wiz_0/inst/cpu_clk                  | soc_top_inst/mycpu_top_nodelay/core_inst/execute_memory/dataE_out_reg[ctl][memwrite]_173[0] | btnC_IBUF                                                           |               25 |             64 |
|  soc_top_inst/clk_wiz_0/inst/cpu_clk                  | soc_top_inst/mycpu_top_nodelay/core_inst/execute_memory/dataE_out_reg[ctl][memwrite]_220[0] | btnC_IBUF                                                           |               20 |             64 |
|  soc_top_inst/clk_wiz_0/inst/cpu_clk                  | soc_top_inst/mycpu_top_nodelay/core_inst/execute_memory/dataE_out_reg[ctl][memwrite]_222[0] | btnC_IBUF                                                           |               28 |             64 |
|  soc_top_inst/clk_wiz_0/inst/cpu_clk                  | soc_top_inst/mycpu_top_nodelay/core_inst/execute_memory/dataE_out_reg[ctl][memwrite]_202[0] | btnC_IBUF                                                           |               24 |             64 |
|  soc_top_inst/clk_wiz_0/inst/cpu_clk                  | soc_top_inst/mycpu_top_nodelay/core_inst/execute_memory/dataE_out_reg[ctl][memwrite]_224[0] | btnC_IBUF                                                           |               23 |             64 |
|  soc_top_inst/clk_wiz_0/inst/cpu_clk                  | soc_top_inst/mycpu_top_nodelay/core_inst/execute_memory/dataE_out_reg[ctl][memwrite]_187[0] | btnC_IBUF                                                           |               27 |             64 |
|  soc_top_inst/clk_wiz_0/inst/cpu_clk                  | soc_top_inst/mycpu_top_nodelay/core_inst/execute_memory/dataE_out_reg[ctl][memwrite]_178[0] | btnC_IBUF                                                           |               23 |             64 |
|  soc_top_inst/clk_wiz_0/inst/cpu_clk                  | soc_top_inst/mycpu_top_nodelay/core_inst/execute_memory/dataE_out_reg[ctl][memwrite]_19[0]  | btnC_IBUF                                                           |               20 |             64 |
|  soc_top_inst/clk_wiz_0/inst/cpu_clk                  | soc_top_inst/mycpu_top_nodelay/core_inst/execute_memory/dataE_out_reg[ctl][memwrite]_192[0] | btnC_IBUF                                                           |               28 |             64 |
|  soc_top_inst/clk_wiz_0/inst/cpu_clk                  | soc_top_inst/mycpu_top_nodelay/core_inst/execute_memory/dataE_out_reg[ctl][memwrite]_198[0] | btnC_IBUF                                                           |               24 |             64 |
|  soc_top_inst/clk_wiz_0/inst/cpu_clk                  | soc_top_inst/mycpu_top_nodelay/core_inst/execute_memory/dataE_out_reg[ctl][memwrite]_22[0]  | btnC_IBUF                                                           |               24 |             64 |
|  soc_top_inst/clk_wiz_0/inst/cpu_clk                  | soc_top_inst/mycpu_top_nodelay/core_inst/execute_memory/dataE_out_reg[ctl][memwrite]_18[0]  | btnC_IBUF                                                           |               27 |             64 |
|  soc_top_inst/clk_wiz_0/inst/cpu_clk                  | soc_top_inst/mycpu_top_nodelay/core_inst/execute_memory/dataE_out_reg[ctl][memwrite]_195[0] | btnC_IBUF                                                           |               25 |             64 |
|  soc_top_inst/clk_wiz_0/inst/cpu_clk                  | soc_top_inst/mycpu_top_nodelay/core_inst/execute_memory/dataE_out_reg[ctl][memwrite]_207[0] | btnC_IBUF                                                           |               31 |             64 |
|  soc_top_inst/clk_wiz_0/inst/cpu_clk                  | soc_top_inst/mycpu_top_nodelay/core_inst/execute_memory/dataE_out_reg[ctl][memwrite]_218[0] | btnC_IBUF                                                           |               23 |             64 |
|  soc_top_inst/clk_wiz_0/inst/cpu_clk                  | soc_top_inst/mycpu_top_nodelay/core_inst/execute_memory/dataE_out_reg[ctl][memwrite]_221[0] | btnC_IBUF                                                           |               26 |             64 |
|  soc_top_inst/clk_wiz_0/inst/cpu_clk                  | soc_top_inst/mycpu_top_nodelay/core_inst/execute_memory/dataE_out_reg[ctl][memwrite]_206[0] | btnC_IBUF                                                           |               22 |             64 |
|  soc_top_inst/clk_wiz_0/inst/cpu_clk                  | soc_top_inst/mycpu_top_nodelay/core_inst/execute_memory/dataE_out_reg[ctl][memwrite]_215[0] | btnC_IBUF                                                           |               25 |             64 |
|  soc_top_inst/clk_wiz_0/inst/cpu_clk                  | soc_top_inst/mycpu_top_nodelay/core_inst/execute_memory/dataE_out_reg[ctl][memwrite]_217[0] | btnC_IBUF                                                           |               26 |             64 |
|  soc_top_inst/clk_wiz_0/inst/cpu_clk                  | soc_top_inst/mycpu_top_nodelay/core_inst/execute_memory/dataE_out_reg[ctl][memwrite]_176[0] | btnC_IBUF                                                           |               25 |             64 |
|  soc_top_inst/clk_wiz_0/inst/cpu_clk                  | soc_top_inst/mycpu_top_nodelay/core_inst/execute_memory/dataE_out_reg[ctl][memwrite]_225[0] | btnC_IBUF                                                           |               27 |             64 |
|  soc_top_inst/clk_wiz_0/inst/cpu_clk                  | soc_top_inst/mycpu_top_nodelay/core_inst/execute_memory/dataE_out_reg[ctl][memwrite]_228[0] | btnC_IBUF                                                           |               19 |             64 |
|  soc_top_inst/clk_wiz_0/inst/cpu_clk                  | soc_top_inst/mycpu_top_nodelay/core_inst/execute_memory/dataE_out_reg[ctl][memwrite]_183[0] | btnC_IBUF                                                           |               23 |             64 |
|  soc_top_inst/clk_wiz_0/inst/cpu_clk                  | soc_top_inst/mycpu_top_nodelay/core_inst/execute_memory/dataE_out_reg[ctl][memwrite]_175[0] | btnC_IBUF                                                           |               23 |             64 |
|  soc_top_inst/clk_wiz_0/inst/cpu_clk                  | soc_top_inst/mycpu_top_nodelay/core_inst/execute_memory/dataE_out_reg[ctl][memwrite]_186[0] | btnC_IBUF                                                           |               24 |             64 |
|  soc_top_inst/clk_wiz_0/inst/cpu_clk                  | soc_top_inst/mycpu_top_nodelay/core_inst/execute_memory/dataE_out_reg[ctl][memwrite]_185[0] | btnC_IBUF                                                           |               20 |             64 |
|  soc_top_inst/clk_wiz_0/inst/cpu_clk                  | soc_top_inst/mycpu_top_nodelay/core_inst/execute_memory/dataE_out_reg[ctl][memwrite]_191[0] | btnC_IBUF                                                           |               29 |             64 |
|  soc_top_inst/clk_wiz_0/inst/cpu_clk                  | soc_top_inst/mycpu_top_nodelay/core_inst/execute_memory/dataE_out_reg[ctl][memwrite]_200[0] | btnC_IBUF                                                           |               23 |             64 |
|  soc_top_inst/clk_wiz_0/inst/cpu_clk                  | soc_top_inst/mycpu_top_nodelay/core_inst/execute_memory/dataE_out_reg[ctl][memwrite]_209[0] | btnC_IBUF                                                           |               30 |             64 |
|  soc_top_inst/clk_wiz_0/inst/cpu_clk                  | soc_top_inst/mycpu_top_nodelay/core_inst/execute_memory/dataE_out_reg[ctl][memwrite]_21[0]  | btnC_IBUF                                                           |               22 |             64 |
|  soc_top_inst/clk_wiz_0/inst/cpu_clk                  | soc_top_inst/mycpu_top_nodelay/core_inst/execute_memory/dataE_out_reg[ctl][memwrite]_212[0] | btnC_IBUF                                                           |               23 |             64 |
|  soc_top_inst/clk_wiz_0/inst/cpu_clk                  | soc_top_inst/mycpu_top_nodelay/core_inst/execute_memory/dataE_out_reg[ctl][memwrite]_214[0] | btnC_IBUF                                                           |               18 |             64 |
|  soc_top_inst/clk_wiz_0/inst/cpu_clk                  | soc_top_inst/mycpu_top_nodelay/core_inst/execute_memory/dataE_out_reg[ctl][memwrite]_219[0] | btnC_IBUF                                                           |               27 |             64 |
|  soc_top_inst/clk_wiz_0/inst/cpu_clk                  | soc_top_inst/mycpu_top_nodelay/core_inst/execute_memory/dataE_out_reg[ctl][memwrite]_190[0] | btnC_IBUF                                                           |               21 |             64 |
|  soc_top_inst/clk_wiz_0/inst/cpu_clk                  | soc_top_inst/mycpu_top_nodelay/core_inst/execute_memory/dataE_out_reg[ctl][memwrite]_193[0] | btnC_IBUF                                                           |               26 |             64 |
|  soc_top_inst/clk_wiz_0/inst/cpu_clk                  | soc_top_inst/mycpu_top_nodelay/core_inst/execute_memory/dataE_out_reg[ctl][memwrite]_189[0] | btnC_IBUF                                                           |               25 |             64 |
|  soc_top_inst/clk_wiz_0/inst/cpu_clk                  | soc_top_inst/mycpu_top_nodelay/core_inst/execute_memory/dataE_out_reg[ctl][memwrite]_194[0] | btnC_IBUF                                                           |               20 |             64 |
|  soc_top_inst/clk_wiz_0/inst/cpu_clk                  | soc_top_inst/mycpu_top_nodelay/core_inst/execute_memory/dataE_out_reg[ctl][memwrite]_196[0] | btnC_IBUF                                                           |               25 |             64 |
|  soc_top_inst/clk_wiz_0/inst/cpu_clk                  | soc_top_inst/mycpu_top_nodelay/core_inst/execute_memory/dataE_out_reg[ctl][memwrite]_204[0] | btnC_IBUF                                                           |               21 |             64 |
|  soc_top_inst/clk_wiz_0/inst/cpu_clk                  | soc_top_inst/mycpu_top_nodelay/core_inst/execute_memory/dataE_out_reg[ctl][memwrite]_211[0] | btnC_IBUF                                                           |               24 |             64 |
|  soc_top_inst/clk_wiz_0/inst/cpu_clk                  | soc_top_inst/mycpu_top_nodelay/core_inst/execute_memory/dataE_out_reg[ctl][memwrite]_223[0] | btnC_IBUF                                                           |               22 |             64 |
|  soc_top_inst/clk_wiz_0/inst/cpu_clk                  | soc_top_inst/mycpu_top_nodelay/core_inst/execute_memory/dataE_out_reg[ctl][memwrite]_174[0] | btnC_IBUF                                                           |               23 |             64 |
|  soc_top_inst/clk_wiz_0/inst/cpu_clk                  | soc_top_inst/mycpu_top_nodelay/core_inst/execute_memory/dataE_out_reg[ctl][memwrite]_226[0] | btnC_IBUF                                                           |               23 |             64 |
|  soc_top_inst/clk_wiz_0/inst/cpu_clk                  | soc_top_inst/mycpu_top_nodelay/core_inst/execute_memory/dataE_out_reg[ctl][memwrite]_227[0] | btnC_IBUF                                                           |               30 |             64 |
|  soc_top_inst/clk_wiz_0/inst/cpu_clk                  | soc_top_inst/mycpu_top_nodelay/core_inst/execute_memory/dataE_out_reg[ctl][memwrite]_229[0] | btnC_IBUF                                                           |               22 |             64 |
|  soc_top_inst/clk_wiz_0/inst/cpu_clk                  | soc_top_inst/mycpu_top_nodelay/core_inst/execute_memory/dataE_out_reg[ctl][memwrite]_23[0]  | btnC_IBUF                                                           |               25 |             64 |
|  soc_top_inst/clk_wiz_0/inst/cpu_clk                  | soc_top_inst/mycpu_top_nodelay/core_inst/execute_memory/dataE_out_reg[ctl][memwrite]_188[0] | btnC_IBUF                                                           |               22 |             64 |
|  soc_top_inst/clk_wiz_0/inst/cpu_clk                  | soc_top_inst/mycpu_top_nodelay/core_inst/execute_memory/dataE_out_reg[ctl][memwrite]_20[0]  | btnC_IBUF                                                           |               21 |             64 |
|  soc_top_inst/clk_wiz_0/inst/cpu_clk                  | soc_top_inst/mycpu_top_nodelay/core_inst/execute_memory/dataE_out_reg[ctl][memwrite]_201[0] | btnC_IBUF                                                           |               25 |             64 |
|  soc_top_inst/clk_wiz_0/inst/cpu_clk                  | soc_top_inst/mycpu_top_nodelay/core_inst/execute_memory/dataE_out_reg[ctl][memwrite]_179[0] | btnC_IBUF                                                           |               26 |             64 |
|  soc_top_inst/clk_wiz_0/inst/cpu_clk                  | soc_top_inst/mycpu_top_nodelay/core_inst/execute_memory/dataE_out_reg[ctl][memwrite]_213[0] | btnC_IBUF                                                           |               28 |             64 |
|  soc_top_inst/clk_wiz_0/inst/cpu_clk                  | soc_top_inst/mycpu_top_nodelay/core_inst/execute_memory/dataE_out_reg[ctl][memwrite]_199[0] | btnC_IBUF                                                           |               30 |             64 |
|  soc_top_inst/clk_wiz_0/inst/cpu_clk                  | soc_top_inst/mycpu_top_nodelay/core_inst/execute_memory/dataE_out_reg[ctl][memwrite]_177[0] | btnC_IBUF                                                           |               24 |             64 |
|  soc_top_inst/clk_wiz_0/inst/cpu_clk                  | soc_top_inst/mycpu_top_nodelay/core_inst/execute_memory/dataE_out_reg[ctl][memwrite]_181[0] | btnC_IBUF                                                           |               25 |             64 |
|  soc_top_inst/clk_wiz_0/inst/cpu_clk                  | soc_top_inst/mycpu_top_nodelay/core_inst/execute_memory/dataE_out_reg[ctl][memwrite]_197[0] | btnC_IBUF                                                           |               27 |             64 |
|  soc_top_inst/clk_wiz_0/inst/cpu_clk                  | soc_top_inst/mycpu_top_nodelay/core_inst/execute_memory/dataE_out_reg[ctl][memwrite]_184[0] | btnC_IBUF                                                           |               28 |             64 |
|  soc_top_inst/clk_wiz_0/inst/cpu_clk                  | soc_top_inst/mycpu_top_nodelay/core_inst/execute_memory/dataE_out_reg[ctl][memwrite]_203[0] | btnC_IBUF                                                           |               28 |             64 |
|  soc_top_inst/clk_wiz_0/inst/cpu_clk                  | soc_top_inst/mycpu_top_nodelay/core_inst/execute_memory/dataE_out_reg[ctl][memwrite]_208[0] | btnC_IBUF                                                           |               23 |             64 |
|  soc_top_inst/clk_wiz_0/inst/cpu_clk                  | soc_top_inst/mycpu_top_nodelay/core_inst/execute_memory/dataE_out_reg[ctl][memwrite]_180[0] | btnC_IBUF                                                           |               27 |             64 |
|  soc_top_inst/clk_wiz_0/inst/cpu_clk                  | soc_top_inst/mycpu_top_nodelay/core_inst/execute_memory/dataE_out_reg[ctl][memwrite]_172[0] | btnC_IBUF                                                           |               27 |             64 |
|  soc_top_inst/clk_wiz_0/inst/cpu_clk                  | soc_top_inst/mycpu_top_nodelay/core_inst/execute_memory/dataE_out_reg[ctl][memwrite]_25[0]  | btnC_IBUF                                                           |               26 |             64 |
|  soc_top_inst/clk_wiz_0/inst/cpu_clk                  | soc_top_inst/mycpu_top_nodelay/core_inst/execute_memory/dataE_out_reg[ctl][memwrite]_264[0] | btnC_IBUF                                                           |               28 |             64 |
|  soc_top_inst/clk_wiz_0/inst/cpu_clk                  | soc_top_inst/mycpu_top_nodelay/core_inst/execute_memory/dataE_out_reg[ctl][memwrite]_258[0] | btnC_IBUF                                                           |               26 |             64 |
|  soc_top_inst/clk_wiz_0/inst/cpu_clk                  | soc_top_inst/mycpu_top_nodelay/core_inst/execute_memory/dataE_out_reg[ctl][memwrite]_268[0] | btnC_IBUF                                                           |               25 |             64 |
|  soc_top_inst/clk_wiz_0/inst/cpu_clk                  | soc_top_inst/mycpu_top_nodelay/core_inst/execute_memory/dataE_out_reg[ctl][memwrite]_256[0] | btnC_IBUF                                                           |               20 |             64 |
|  soc_top_inst/clk_wiz_0/inst/cpu_clk                  | soc_top_inst/mycpu_top_nodelay/core_inst/execute_memory/dataE_out_reg[ctl][memwrite]_262[0] | btnC_IBUF                                                           |               24 |             64 |
|  soc_top_inst/clk_wiz_0/inst/cpu_clk                  | soc_top_inst/mycpu_top_nodelay/core_inst/execute_memory/dataE_out_reg[ctl][memwrite]_269[0] | btnC_IBUF                                                           |               26 |             64 |
|  soc_top_inst/clk_wiz_0/inst/cpu_clk                  | soc_top_inst/mycpu_top_nodelay/core_inst/execute_memory/dataE_out_reg[ctl][memwrite]_249[0] | btnC_IBUF                                                           |               31 |             64 |
|  soc_top_inst/clk_wiz_0/inst/cpu_clk                  | soc_top_inst/mycpu_top_nodelay/core_inst/execute_memory/dataE_out_reg[ctl][memwrite]_270[0] | btnC_IBUF                                                           |               28 |             64 |
|  soc_top_inst/clk_wiz_0/inst/cpu_clk                  | soc_top_inst/mycpu_top_nodelay/core_inst/execute_memory/dataE_out_reg[ctl][memwrite]_250[0] | btnC_IBUF                                                           |               24 |             64 |
|  soc_top_inst/clk_wiz_0/inst/cpu_clk                  | soc_top_inst/mycpu_top_nodelay/core_inst/execute_memory/dataE_out_reg[ctl][memwrite]_254[0] | btnC_IBUF                                                           |               24 |             64 |
|  soc_top_inst/clk_wiz_0/inst/cpu_clk                  | soc_top_inst/mycpu_top_nodelay/core_inst/execute_memory/dataE_out_reg[ctl][memwrite]_266[0] | btnC_IBUF                                                           |               19 |             64 |
|  soc_top_inst/clk_wiz_0/inst/cpu_clk                  | soc_top_inst/mycpu_top_nodelay/core_inst/execute_memory/dataE_out_reg[ctl][memwrite]_272[0] | btnC_IBUF                                                           |               22 |             64 |
|  soc_top_inst/clk_wiz_0/inst/cpu_clk                  | soc_top_inst/mycpu_top_nodelay/core_inst/execute_memory/dataE_out_reg[ctl][memwrite]_243[0] | btnC_IBUF                                                           |               22 |             64 |
|  soc_top_inst/clk_wiz_0/inst/cpu_clk                  | soc_top_inst/mycpu_top_nodelay/core_inst/execute_memory/dataE_out_reg[ctl][memwrite]_273[0] | btnC_IBUF                                                           |               28 |             64 |
|  soc_top_inst/clk_wiz_0/inst/cpu_clk                  | soc_top_inst/mycpu_top_nodelay/core_inst/execute_memory/dataE_out_reg[ctl][memwrite]_28[0]  | btnC_IBUF                                                           |               21 |             64 |
|  soc_top_inst/clk_wiz_0/inst/cpu_clk                  | soc_top_inst/mycpu_top_nodelay/core_inst/execute_memory/dataE_out_reg[ctl][memwrite]_246[0] | btnC_IBUF                                                           |               25 |             64 |
|  soc_top_inst/clk_wiz_0/inst/cpu_clk                  | soc_top_inst/mycpu_top_nodelay/core_inst/execute_memory/dataE_out_reg[ctl][memwrite]_261[0] | btnC_IBUF                                                           |               23 |             64 |
|  soc_top_inst/clk_wiz_0/inst/cpu_clk                  | soc_top_inst/mycpu_top_nodelay/core_inst/execute_memory/dataE_out_reg[ctl][memwrite]_40[0]  | btnC_IBUF                                                           |               23 |             64 |
|  soc_top_inst/clk_wiz_0/inst/cpu_clk                  | soc_top_inst/mycpu_top_nodelay/core_inst/execute_memory/dataE_out_reg[ctl][memwrite]_41[0]  | btnC_IBUF                                                           |               23 |             64 |
|  soc_top_inst/clk_wiz_0/inst/cpu_clk                  | soc_top_inst/mycpu_top_nodelay/core_inst/execute_memory/dataE_out_reg[ctl][memwrite]_236[0] | btnC_IBUF                                                           |               24 |             64 |
|  soc_top_inst/clk_wiz_0/inst/cpu_clk                  | soc_top_inst/mycpu_top_nodelay/core_inst/execute_memory/dataE_out_reg[ctl][memwrite]_43[0]  | btnC_IBUF                                                           |               26 |             64 |
|  soc_top_inst/clk_wiz_0/inst/cpu_clk                  | soc_top_inst/mycpu_top_nodelay/core_inst/execute_memory/dataE_out_reg[ctl][memwrite]_45[0]  | btnC_IBUF                                                           |               23 |             64 |
|  soc_top_inst/clk_wiz_0/inst/cpu_clk                  | soc_top_inst/mycpu_top_nodelay/core_inst/execute_memory/dataE_out_reg[ctl][memwrite]_239[0] | btnC_IBUF                                                           |               25 |             64 |
|  soc_top_inst/clk_wiz_0/inst/cpu_clk                  | soc_top_inst/mycpu_top_nodelay/core_inst/execute_memory/dataE_out_reg[ctl][memwrite]_231[0] | btnC_IBUF                                                           |               30 |             64 |
|  soc_top_inst/clk_wiz_0/inst/cpu_clk                  | soc_top_inst/mycpu_top_nodelay/core_inst/execute_memory/dataE_out_reg[ctl][memwrite]_247[0] | btnC_IBUF                                                           |               20 |             64 |
|  soc_top_inst/clk_wiz_0/inst/cpu_clk                  | soc_top_inst/mycpu_top_nodelay/core_inst/execute_memory/dataE_out_reg[ctl][memwrite]_233[0] | btnC_IBUF                                                           |               21 |             64 |
|  soc_top_inst/clk_wiz_0/inst/cpu_clk                  | soc_top_inst/mycpu_top_nodelay/core_inst/execute_memory/dataE_out_reg[ctl][memwrite]_244[0] | btnC_IBUF                                                           |               28 |             64 |
|  soc_top_inst/clk_wiz_0/inst/cpu_clk                  | soc_top_inst/mycpu_top_nodelay/core_inst/execute_memory/dataE_out_reg[ctl][memwrite]_245[0] | btnC_IBUF                                                           |               24 |             64 |
|  soc_top_inst/clk_wiz_0/inst/cpu_clk                  | soc_top_inst/mycpu_top_nodelay/core_inst/execute_memory/dataE_out_reg[ctl][memwrite]_263[0] | btnC_IBUF                                                           |               28 |             64 |
|  soc_top_inst/clk_wiz_0/inst/cpu_clk                  | soc_top_inst/mycpu_top_nodelay/core_inst/execute_memory/dataE_out_reg[ctl][memwrite]_27[0]  | btnC_IBUF                                                           |               26 |             64 |
|  soc_top_inst/clk_wiz_0/inst/cpu_clk                  | soc_top_inst/mycpu_top_nodelay/core_inst/execute_memory/dataE_out_reg[ctl][memwrite]_44[0]  | btnC_IBUF                                                           |               31 |             64 |
|  soc_top_inst/clk_wiz_0/inst/cpu_clk                  | soc_top_inst/mycpu_top_nodelay/core_inst/execute_memory/dataE_out_reg[ctl][memwrite]_46[0]  | btnC_IBUF                                                           |               24 |             64 |
|  soc_top_inst/clk_wiz_0/inst/cpu_clk                  | soc_top_inst/mycpu_top_nodelay/core_inst/execute_memory/dataE_out_reg[ctl][memwrite]_241[0] | btnC_IBUF                                                           |               29 |             64 |
|  soc_top_inst/clk_wiz_0/inst/cpu_clk                  | soc_top_inst/mycpu_top_nodelay/core_inst/execute_memory/dataE_out_reg[ctl][memwrite]_26[0]  | btnC_IBUF                                                           |               30 |             64 |
|  soc_top_inst/clk_wiz_0/inst/cpu_clk                  | soc_top_inst/mycpu_top_nodelay/core_inst/execute_memory/dataE_out_reg[ctl][memwrite]_267[0] | btnC_IBUF                                                           |               28 |             64 |
|  soc_top_inst/clk_wiz_0/inst/cpu_clk                  | soc_top_inst/mycpu_top_nodelay/core_inst/execute_memory/dataE_out_reg[ctl][memwrite]_42[0]  | btnC_IBUF                                                           |               21 |             64 |
|  soc_top_inst/clk_wiz_0/inst/cpu_clk                  | soc_top_inst/mycpu_top_nodelay/core_inst/execute_memory/dataE_out_reg[ctl][memwrite]_47[0]  | btnC_IBUF                                                           |               29 |             64 |
|  soc_top_inst/clk_wiz_0/inst/cpu_clk                  | soc_top_inst/mycpu_top_nodelay/core_inst/execute_memory/dataE_out_reg[ctl][memwrite]_48[0]  | btnC_IBUF                                                           |               20 |             64 |
|  soc_top_inst/clk_wiz_0/inst/cpu_clk                  | soc_top_inst/mycpu_top_nodelay/core_inst/execute_memory/dataE_out_reg[ctl][memwrite]_49[0]  | btnC_IBUF                                                           |               23 |             64 |
|  soc_top_inst/clk_wiz_0/inst/cpu_clk                  | soc_top_inst/mycpu_top_nodelay/core_inst/execute_memory/dataE_out_reg[ctl][memwrite]_5[0]   | btnC_IBUF                                                           |               25 |             64 |
|  soc_top_inst/clk_wiz_0/inst/cpu_clk                  | soc_top_inst/mycpu_top_nodelay/core_inst/execute_memory/dataE_out_reg[ctl][memwrite]_251[0] | btnC_IBUF                                                           |               21 |             64 |
|  soc_top_inst/clk_wiz_0/inst/cpu_clk                  | soc_top_inst/mycpu_top_nodelay/core_inst/execute_memory/dataE_out_reg[ctl][memwrite]_255[0] | btnC_IBUF                                                           |               29 |             64 |
|  soc_top_inst/clk_wiz_0/inst/cpu_clk                  | soc_top_inst/mycpu_top_nodelay/core_inst/execute_memory/dataE_out_reg[ctl][memwrite]_265[0] | btnC_IBUF                                                           |               25 |             64 |
|  soc_top_inst/clk_wiz_0/inst/cpu_clk                  | soc_top_inst/mycpu_top_nodelay/core_inst/execute_memory/dataE_out_reg[ctl][memwrite]_259[0] | btnC_IBUF                                                           |               30 |             64 |
|  soc_top_inst/clk_wiz_0/inst/cpu_clk                  | soc_top_inst/mycpu_top_nodelay/core_inst/execute_memory/dataE_out_reg[ctl][memwrite]_271[0] | btnC_IBUF                                                           |               25 |             64 |
|  soc_top_inst/clk_wiz_0/inst/cpu_clk                  | soc_top_inst/mycpu_top_nodelay/core_inst/execute_memory/dataE_out_reg[ctl][memwrite]_235[0] | btnC_IBUF                                                           |               26 |             64 |
|  soc_top_inst/clk_wiz_0/inst/cpu_clk                  | soc_top_inst/mycpu_top_nodelay/core_inst/execute_memory/dataE_out_reg[ctl][memwrite]_232[0] | btnC_IBUF                                                           |               21 |             64 |
|  soc_top_inst/clk_wiz_0/inst/cpu_clk                  | soc_top_inst/mycpu_top_nodelay/core_inst/execute_memory/dataE_out_reg[ctl][memwrite]_234[0] | btnC_IBUF                                                           |               21 |             64 |
|  soc_top_inst/clk_wiz_0/inst/cpu_clk                  | soc_top_inst/mycpu_top_nodelay/core_inst/execute_memory/dataE_out_reg[ctl][memwrite]_237[0] | btnC_IBUF                                                           |               22 |             64 |
|  soc_top_inst/clk_wiz_0/inst/cpu_clk                  | soc_top_inst/mycpu_top_nodelay/core_inst/execute_memory/dataE_out_reg[ctl][memwrite]_24[0]  | btnC_IBUF                                                           |               25 |             64 |
|  soc_top_inst/clk_wiz_0/inst/cpu_clk                  | soc_top_inst/mycpu_top_nodelay/core_inst/execute_memory/dataE_out_reg[ctl][memwrite]_240[0] | btnC_IBUF                                                           |               27 |             64 |
|  soc_top_inst/clk_wiz_0/inst/cpu_clk                  | soc_top_inst/mycpu_top_nodelay/core_inst/execute_memory/dataE_out_reg[ctl][memwrite]_238[0] | btnC_IBUF                                                           |               26 |             64 |
|  soc_top_inst/clk_wiz_0/inst/cpu_clk                  | soc_top_inst/mycpu_top_nodelay/core_inst/execute_memory/dataE_out_reg[ctl][memwrite]_230[0] | btnC_IBUF                                                           |               24 |             64 |
|  soc_top_inst/clk_wiz_0/inst/cpu_clk                  | soc_top_inst/mycpu_top_nodelay/core_inst/execute_memory/dataE_out_reg[ctl][memwrite]_242[0] | btnC_IBUF                                                           |               23 |             64 |
|  soc_top_inst/clk_wiz_0/inst/cpu_clk                  | soc_top_inst/mycpu_top_nodelay/core_inst/execute_memory/dataE_out_reg[ctl][memwrite]_248[0] | btnC_IBUF                                                           |               26 |             64 |
|  soc_top_inst/clk_wiz_0/inst/cpu_clk                  | soc_top_inst/mycpu_top_nodelay/core_inst/execute_memory/dataE_out_reg[ctl][memwrite]_253[0] | btnC_IBUF                                                           |               25 |             64 |
|  soc_top_inst/clk_wiz_0/inst/cpu_clk                  | soc_top_inst/mycpu_top_nodelay/core_inst/execute_memory/dataE_out_reg[ctl][memwrite]_257[0] | btnC_IBUF                                                           |               22 |             64 |
|  soc_top_inst/clk_wiz_0/inst/cpu_clk                  | soc_top_inst/mycpu_top_nodelay/core_inst/execute_memory/dataE_out_reg[ctl][memwrite]_260[0] | btnC_IBUF                                                           |               24 |             64 |
|  soc_top_inst/clk_wiz_0/inst/cpu_clk                  | soc_top_inst/mycpu_top_nodelay/core_inst/execute_memory/dataE_out_reg[ctl][memwrite]_252[0] | btnC_IBUF                                                           |               25 |             64 |
|  soc_top_inst/clk_wiz_0/inst/cpu_clk                  | soc_top_inst/mycpu_top_nodelay/core_inst/execute_memory/dataE_out_reg[ctl][memwrite]_64[0]  | btnC_IBUF                                                           |               29 |             64 |
|  soc_top_inst/clk_wiz_0/inst/cpu_clk                  | soc_top_inst/mycpu_top_nodelay/core_inst/execute_memory/dataE_out_reg[ctl][memwrite]_78[0]  | btnC_IBUF                                                           |               20 |             64 |
|  soc_top_inst/clk_wiz_0/inst/cpu_clk                  | soc_top_inst/mycpu_top_nodelay/core_inst/execute_memory/dataE_out_reg[ctl][memwrite]_69[0]  | btnC_IBUF                                                           |               20 |             64 |
|  soc_top_inst/clk_wiz_0/inst/cpu_clk                  | soc_top_inst/mycpu_top_nodelay/core_inst/execute_memory/dataE_out_reg[ctl][memwrite]_57[0]  | btnC_IBUF                                                           |               29 |             64 |
|  soc_top_inst/clk_wiz_0/inst/cpu_clk                  | soc_top_inst/mycpu_top_nodelay/core_inst/execute_memory/dataE_out_reg[ctl][memwrite]_80[0]  | btnC_IBUF                                                           |               21 |             64 |
|  soc_top_inst/clk_wiz_0/inst/cpu_clk                  | soc_top_inst/mycpu_top_nodelay/core_inst/execute_memory/dataE_out_reg[ctl][memwrite]_85[0]  | btnC_IBUF                                                           |               21 |             64 |
|  soc_top_inst/clk_wiz_0/inst/cpu_clk                  | soc_top_inst/mycpu_top_nodelay/core_inst/execute_memory/dataE_out_reg[ctl][memwrite]_63[0]  | btnC_IBUF                                                           |               25 |             64 |
|  soc_top_inst/clk_wiz_0/inst/cpu_clk                  | soc_top_inst/mycpu_top_nodelay/core_inst/execute_memory/dataE_out_reg[ctl][memwrite]_67[0]  | btnC_IBUF                                                           |               27 |             64 |
|  soc_top_inst/clk_wiz_0/inst/cpu_clk                  | soc_top_inst/mycpu_top_nodelay/core_inst/execute_memory/dataE_out_reg[ctl][memwrite]_62[0]  | btnC_IBUF                                                           |               23 |             64 |
|  soc_top_inst/clk_wiz_0/inst/cpu_clk                  | soc_top_inst/mycpu_top_nodelay/core_inst/execute_memory/dataE_out_reg[ctl][memwrite]_86[0]  | btnC_IBUF                                                           |               25 |             64 |
|  soc_top_inst/clk_wiz_0/inst/cpu_clk                  | soc_top_inst/mycpu_top_nodelay/core_inst/execute_memory/dataE_out_reg[ctl][memwrite]_6[0]   | btnC_IBUF                                                           |               22 |             64 |
|  soc_top_inst/clk_wiz_0/inst/cpu_clk                  | soc_top_inst/mycpu_top_nodelay/core_inst/execute_memory/dataE_out_reg[ctl][memwrite]_54[0]  | btnC_IBUF                                                           |               23 |             64 |
|  soc_top_inst/clk_wiz_0/inst/cpu_clk                  | soc_top_inst/mycpu_top_nodelay/core_inst/execute_memory/dataE_out_reg[ctl][memwrite]_87[0]  | btnC_IBUF                                                           |               29 |             64 |
|  soc_top_inst/clk_wiz_0/inst/cpu_clk                  | soc_top_inst/mycpu_top_nodelay/core_inst/execute_memory/dataE_out_reg[ctl][memwrite]_92[0]  | btnC_IBUF                                                           |               25 |             64 |
|  soc_top_inst/clk_wiz_0/inst/cpu_clk                  | soc_top_inst/mycpu_top_nodelay/core_inst/execute_memory/dataE_out_reg[ctl][memwrite]_51[0]  | btnC_IBUF                                                           |               25 |             64 |
|  soc_top_inst/clk_wiz_0/inst/cpu_clk                  | soc_top_inst/mycpu_top_nodelay/core_inst/execute_memory/dataE_out_reg[ctl][memwrite]_59[0]  | btnC_IBUF                                                           |               24 |             64 |
|  soc_top_inst/clk_wiz_0/inst/cpu_clk                  | soc_top_inst/mycpu_top_nodelay/core_inst/execute_memory/dataE_out_reg[ctl][memwrite]_61[0]  | btnC_IBUF                                                           |               26 |             64 |
|  soc_top_inst/clk_wiz_0/inst/cpu_clk                  | soc_top_inst/mycpu_top_nodelay/core_inst/execute_memory/dataE_out_reg[ctl][memwrite]_56[0]  | btnC_IBUF                                                           |               20 |             64 |
|  soc_top_inst/clk_wiz_0/inst/cpu_clk                  | soc_top_inst/mycpu_top_nodelay/core_inst/execute_memory/dataE_out_reg[ctl][memwrite]_76[0]  | btnC_IBUF                                                           |               28 |             64 |
|  soc_top_inst/clk_wiz_0/inst/cpu_clk                  | soc_top_inst/mycpu_top_nodelay/core_inst/execute_memory/dataE_out_reg[ctl][memwrite]_71[0]  | btnC_IBUF                                                           |               23 |             64 |
|  soc_top_inst/clk_wiz_0/inst/cpu_clk                  | soc_top_inst/mycpu_top_nodelay/core_inst/execute_memory/dataE_out_reg[ctl][memwrite]_83[0]  | btnC_IBUF                                                           |               26 |             64 |
|  soc_top_inst/clk_wiz_0/inst/cpu_clk                  | soc_top_inst/mycpu_top_nodelay/core_inst/execute_memory/dataE_out_reg[ctl][memwrite]_93[0]  | btnC_IBUF                                                           |               28 |             64 |
|  soc_top_inst/clk_wiz_0/inst/cpu_clk                  | soc_top_inst/mycpu_top_nodelay/core_inst/execute_memory/dataE_out_reg[ctl][memwrite]_88[0]  | btnC_IBUF                                                           |               22 |             64 |
|  soc_top_inst/clk_wiz_0/inst/cpu_clk                  | soc_top_inst/mycpu_top_nodelay/core_inst/execute_memory/dataE_out_reg[ctl][memwrite]_94[0]  | btnC_IBUF                                                           |               22 |             64 |
|  soc_top_inst/clk_wiz_0/inst/cpu_clk                  | soc_top_inst/mycpu_top_nodelay/core_inst/execute_memory/dataE_out_reg[ctl][memwrite]_97[0]  | btnC_IBUF                                                           |               32 |             64 |
|  soc_top_inst/clk_wiz_0/inst/cpu_clk                  | soc_top_inst/mycpu_top_nodelay/core_inst/execute_memory/dataE_out_reg[ctl][memwrite]_73[0]  | btnC_IBUF                                                           |               24 |             64 |
|  soc_top_inst/clk_wiz_0/inst/cpu_clk                  | soc_top_inst/mycpu_top_nodelay/core_inst/execute_memory/dataE_out_reg[ctl][memwrite]_68[0]  | btnC_IBUF                                                           |               29 |             64 |
|  soc_top_inst/clk_wiz_0/inst/cpu_clk                  | soc_top_inst/mycpu_top_nodelay/core_inst/execute_memory/dataE_out_reg[ctl][memwrite]_96[0]  | btnC_IBUF                                                           |               25 |             64 |
|  soc_top_inst/clk_wiz_0/inst/cpu_clk                  | soc_top_inst/mycpu_top_nodelay/core_inst/execute_memory/dataE_out_reg[ctl][memwrite]_74[0]  | btnC_IBUF                                                           |               24 |             64 |
|  soc_top_inst/clk_wiz_0/inst/cpu_clk                  | soc_top_inst/mycpu_top_nodelay/core_inst/execute_memory/dataE_out_reg[ctl][memwrite]_50[0]  | btnC_IBUF                                                           |               28 |             64 |
|  soc_top_inst/clk_wiz_0/inst/cpu_clk                  | soc_top_inst/mycpu_top_nodelay/core_inst/execute_memory/dataE_out_reg[ctl][memwrite]_75[0]  | btnC_IBUF                                                           |               25 |             64 |
|  soc_top_inst/clk_wiz_0/inst/cpu_clk                  | soc_top_inst/mycpu_top_nodelay/core_inst/execute_memory/dataE_out_reg[ctl][memwrite]_60[0]  | btnC_IBUF                                                           |               27 |             64 |
|  soc_top_inst/clk_wiz_0/inst/cpu_clk                  | soc_top_inst/mycpu_top_nodelay/core_inst/execute_memory/dataE_out_reg[ctl][memwrite]_52[0]  | btnC_IBUF                                                           |               24 |             64 |
|  soc_top_inst/clk_wiz_0/inst/cpu_clk                  | soc_top_inst/mycpu_top_nodelay/core_inst/execute_memory/dataE_out_reg[ctl][memwrite]_77[0]  | btnC_IBUF                                                           |               24 |             64 |
|  soc_top_inst/clk_wiz_0/inst/cpu_clk                  | soc_top_inst/mycpu_top_nodelay/core_inst/execute_memory/dataE_out_reg[ctl][memwrite]_79[0]  | btnC_IBUF                                                           |               28 |             64 |
|  soc_top_inst/clk_wiz_0/inst/cpu_clk                  | soc_top_inst/mycpu_top_nodelay/core_inst/execute_memory/dataE_out_reg[ctl][memwrite]_89[0]  | btnC_IBUF                                                           |               22 |             64 |
|  soc_top_inst/clk_wiz_0/inst/cpu_clk                  | soc_top_inst/mycpu_top_nodelay/core_inst/execute_memory/dataE_out_reg[ctl][memwrite]_99[0]  | btnC_IBUF                                                           |               22 |             64 |
|  soc_top_inst/clk_wiz_0/inst/cpu_clk                  | soc_top_inst/mycpu_top_nodelay/core_inst/execute_memory/dataE_out_reg[ctl][memwrite]_82[0]  | btnC_IBUF                                                           |               27 |             64 |
|  soc_top_inst/clk_wiz_0/inst/cpu_clk                  | soc_top_inst/mycpu_top_nodelay/core_inst/execute_memory/dataE_out_reg[ctl][memwrite]_65[0]  | btnC_IBUF                                                           |               20 |             64 |
|  soc_top_inst/clk_wiz_0/inst/cpu_clk                  | soc_top_inst/mycpu_top_nodelay/core_inst/execute_memory/dataE_out_reg[ctl][memwrite]_66[0]  | btnC_IBUF                                                           |               25 |             64 |
|  soc_top_inst/clk_wiz_0/inst/cpu_clk                  | soc_top_inst/mycpu_top_nodelay/core_inst/execute_memory/dataE_out_reg[ctl][memwrite]_84[0]  | btnC_IBUF                                                           |               25 |             64 |
|  soc_top_inst/clk_wiz_0/inst/cpu_clk                  | soc_top_inst/mycpu_top_nodelay/core_inst/execute_memory/dataE_out_reg[ctl][memwrite]_91[0]  | btnC_IBUF                                                           |               23 |             64 |
|  soc_top_inst/clk_wiz_0/inst/cpu_clk                  | soc_top_inst/mycpu_top_nodelay/core_inst/execute_memory/dataE_out_reg[ctl][memwrite]_58[0]  | btnC_IBUF                                                           |               27 |             64 |
|  soc_top_inst/clk_wiz_0/inst/cpu_clk                  | soc_top_inst/mycpu_top_nodelay/core_inst/execute_memory/dataE_out_reg[ctl][memwrite]_90[0]  | btnC_IBUF                                                           |               27 |             64 |
|  soc_top_inst/clk_wiz_0/inst/cpu_clk                  | soc_top_inst/mycpu_top_nodelay/core_inst/execute_memory/dataE_out_reg[ctl][memwrite]_55[0]  | btnC_IBUF                                                           |               26 |             64 |
|  soc_top_inst/clk_wiz_0/inst/cpu_clk                  | soc_top_inst/mycpu_top_nodelay/core_inst/execute_memory/dataE_out_reg[ctl][memwrite]_70[0]  | btnC_IBUF                                                           |               26 |             64 |
|  soc_top_inst/clk_wiz_0/inst/cpu_clk                  | soc_top_inst/mycpu_top_nodelay/core_inst/execute_memory/dataE_out_reg[ctl][memwrite]_53[0]  | btnC_IBUF                                                           |               31 |             64 |
|  soc_top_inst/clk_wiz_0/inst/cpu_clk                  | soc_top_inst/mycpu_top_nodelay/core_inst/execute_memory/dataE_out_reg[ctl][memwrite]_72[0]  | btnC_IBUF                                                           |               27 |             64 |
|  soc_top_inst/clk_wiz_0/inst/cpu_clk                  | soc_top_inst/mycpu_top_nodelay/core_inst/execute_memory/dataE_out_reg[ctl][memwrite]_95[0]  | btnC_IBUF                                                           |               25 |             64 |
|  soc_top_inst/clk_wiz_0/inst/cpu_clk                  | soc_top_inst/mycpu_top_nodelay/core_inst/execute_memory/dataE_out_reg[ctl][memwrite]_81[0]  | btnC_IBUF                                                           |               23 |             64 |
|  soc_top_inst/clk_wiz_0/inst/cpu_clk                  | soc_top_inst/mycpu_top_nodelay/core_inst/execute_memory/dataE_out_reg[ctl][memwrite]_98[0]  | btnC_IBUF                                                           |               25 |             64 |
|  soc_top_inst/clk_wiz_0/inst/cpu_clk                  | soc_top_inst/mycpu_top_nodelay/core_inst/memory_writeback/dataM_out_reg[dst][2]_0[0]        | btnC_IBUF                                                           |               25 |             64 |
|  soc_top_inst/clk_wiz_0/inst/cpu_clk                  | soc_top_inst/mycpu_top_nodelay/core_inst/memory_writeback/dataM_out_reg[dst][3]_2[0]        | btnC_IBUF                                                           |               28 |             64 |
|  soc_top_inst/clk_wiz_0/inst/cpu_clk                  | soc_top_inst/mycpu_top_nodelay/core_inst/memory_writeback/dataM_out_reg[dst][3]_5[0]        | btnC_IBUF                                                           |               18 |             64 |
|  soc_top_inst/clk_wiz_0/inst/cpu_clk                  | soc_top_inst/mycpu_top_nodelay/core_inst/memory_writeback/dataM_out_reg[dst][4]_12[0]       | btnC_IBUF                                                           |               24 |             64 |
|  soc_top_inst/clk_wiz_0/inst/cpu_clk                  | soc_top_inst/mycpu_top_nodelay/core_inst/memory_writeback/dataM_out_reg[dst][0]_1[0]        | btnC_IBUF                                                           |               24 |             64 |
|  soc_top_inst/clk_wiz_0/inst/cpu_clk                  | soc_top_inst/mycpu_top_nodelay/core_inst/memory_writeback/dataM_out_reg[dst][0]_2[0]        | btnC_IBUF                                                           |               26 |             64 |
|  soc_top_inst/clk_wiz_0/inst/cpu_clk                  | soc_top_inst/mycpu_top_nodelay/core_inst/memory_writeback/dataM_out_reg[dst][1]_1[0]        | btnC_IBUF                                                           |               28 |             64 |
|  soc_top_inst/clk_wiz_0/inst/cpu_clk                  | soc_top_inst/mycpu_top_nodelay/core_inst/memory_writeback/dataM_out_reg[dst][4]_11[0]       | btnC_IBUF                                                           |               24 |             64 |
|  soc_top_inst/clk_wiz_0/inst/cpu_clk                  | soc_top_inst/mycpu_top_nodelay/core_inst/memory_writeback/dataM_out_reg[dst][0]_0[0]        | btnC_IBUF                                                           |               26 |             64 |
|  soc_top_inst/clk_wiz_0/inst/cpu_clk                  | soc_top_inst/mycpu_top_nodelay/core_inst/memory_writeback/dataM_out_reg[dst][2]_1[0]        | btnC_IBUF                                                           |               27 |             64 |
|  soc_top_inst/clk_wiz_0/inst/cpu_clk                  | soc_top_inst/mycpu_top_nodelay/core_inst/memory_writeback/dataM_out_reg[dst][3]_4[0]        | btnC_IBUF                                                           |               22 |             64 |
|  soc_top_inst/clk_wiz_0/inst/cpu_clk                  | soc_top_inst/mycpu_top_nodelay/core_inst/memory_writeback/dataM_out_reg[dst][4]_10[0]       | btnC_IBUF                                                           |               26 |             64 |
|  soc_top_inst/clk_wiz_0/inst/cpu_clk                  | soc_top_inst/mycpu_top_nodelay/core_inst/memory_writeback/dataM_out_reg[dst][2]_2[0]        | btnC_IBUF                                                           |               21 |             64 |
|  soc_top_inst/clk_wiz_0/inst/cpu_clk                  | soc_top_inst/mycpu_top_nodelay/core_inst/memory_writeback/dataM_out_reg[dst][4]_13[0]       | btnC_IBUF                                                           |               22 |             64 |
|  soc_top_inst/clk_wiz_0/inst/cpu_clk                  | soc_top_inst/mycpu_top_nodelay/core_inst/memory_writeback/dataM_out_reg[dst][4]_2[0]        | btnC_IBUF                                                           |               24 |             64 |
|  soc_top_inst/clk_wiz_0/inst/cpu_clk                  | soc_top_inst/mycpu_top_nodelay/core_inst/memory_writeback/E[0]                              | btnC_IBUF                                                           |               30 |             64 |
|  soc_top_inst/clk_wiz_0/inst/cpu_clk                  | soc_top_inst/mycpu_top_nodelay/core_inst/memory_writeback/dataM_out_reg[dst][4]_0[0]        | btnC_IBUF                                                           |               24 |             64 |
|  soc_top_inst/clk_wiz_0/inst/cpu_clk                  | soc_top_inst/mycpu_top_nodelay/core_inst/memory_writeback/dataM_out_reg[dst][2]_3[0]        | btnC_IBUF                                                           |               26 |             64 |
|  soc_top_inst/clk_wiz_0/inst/cpu_clk                  | soc_top_inst/mycpu_top_nodelay/core_inst/memory_writeback/dataM_out_reg[dst][2]_4[0]        | btnC_IBUF                                                           |               27 |             64 |
|  soc_top_inst/clk_wiz_0/inst/cpu_clk                  | soc_top_inst/mycpu_top_nodelay/core_inst/memory_writeback/dataM_out_reg[dst][1]_0[0]        | btnC_IBUF                                                           |               25 |             64 |
|  soc_top_inst/clk_wiz_0/inst/cpu_clk                  | soc_top_inst/mycpu_top_nodelay/core_inst/memory_writeback/dataM_out_reg[dst][3]_0[0]        | btnC_IBUF                                                           |               27 |             64 |
|  soc_top_inst/clk_wiz_0/inst/cpu_clk                  | soc_top_inst/mycpu_top_nodelay/core_inst/memory_writeback/dataM_out_reg[dst][3]_3[0]        | btnC_IBUF                                                           |               25 |             64 |
|  soc_top_inst/clk_wiz_0/inst/cpu_clk                  | soc_top_inst/mycpu_top_nodelay/core_inst/memory_writeback/dataM_out_reg[dst][4]_1[0]        | btnC_IBUF                                                           |               26 |             64 |
|  soc_top_inst/clk_wiz_0/inst/cpu_clk                  | soc_top_inst/mycpu_top_nodelay/core_inst/memory_writeback/dataM_out_reg[dst][3]_1[0]        | btnC_IBUF                                                           |               25 |             64 |
|  soc_top_inst/clk_wiz_0/inst/cpu_clk                  | soc_top_inst/mycpu_top_nodelay/core_inst/memory_writeback/dataM_out_reg[dst][4]_4[0]        | btnC_IBUF                                                           |               22 |             64 |
|  soc_top_inst/clk_wiz_0/inst/cpu_clk                  | soc_top_inst/mycpu_top_nodelay/core_inst/memory_writeback/dataM_out_reg[dst][4]_8[0]        | btnC_IBUF                                                           |               24 |             64 |
|  soc_top_inst/clk_wiz_0/inst/cpu_clk                  | soc_top_inst/mycpu_top_nodelay/core_inst/memory_writeback/dataM_out_reg[dst][4]_3[0]        | btnC_IBUF                                                           |               25 |             64 |
|  soc_top_inst/clk_wiz_0/inst/cpu_clk                  | soc_top_inst/mycpu_top_nodelay/core_inst/memory_writeback/dataM_out_reg[dst][4]_6[0]        | btnC_IBUF                                                           |               17 |             64 |
|  soc_top_inst/clk_wiz_0/inst/cpu_clk                  | soc_top_inst/mycpu_top_nodelay/core_inst/memory_writeback/dataM_out_reg[dst][4]_7[0]        | btnC_IBUF                                                           |               20 |             64 |
|  soc_top_inst/clk_wiz_0/inst/cpu_clk                  | soc_top_inst/mycpu_top_nodelay/core_inst/memory_writeback/dataM_out_reg[dst][4]_9[0]        | btnC_IBUF                                                           |               23 |             64 |
|  soc_top_inst/clk_wiz_0/inst/cpu_clk                  | soc_top_inst/mycpu_top_nodelay/core_inst/memory_writeback/dataM_out_reg[dst][4]_5[0]        | btnC_IBUF                                                           |               20 |             64 |
|  n_0_11594_BUFG                                       |                                                                                             |                                                                     |               26 |             64 |
|  soc_top_inst/clk_wiz_0/inst/cpu_clk                  | soc_top_inst/mycpu_top_nodelay/core_inst/execute_memory/dataE_out_reg[ctl][memwrite]_125[0] | btnC_IBUF                                                           |               19 |             64 |
|  soc_top_inst/clk_wiz_0/inst/cpu_clk                  | soc_top_inst/mycpu_top_nodelay/core_inst/execute_memory/dataE_out_reg[ctl][memwrite]_100[0] | btnC_IBUF                                                           |               22 |             64 |
|  n_1_11457_BUFG                                       |                                                                                             |                                                                     |               21 |             64 |
|  soc_top_inst/clk_wiz_0/inst/cpu_clk                  | soc_top_inst/mycpu_top_nodelay/core_inst/execute_memory/dataE_out_reg[ctl][memwrite]_101[0] | btnC_IBUF                                                           |               27 |             64 |
|  clk_IBUF_BUFG                                        |                                                                                             | btnC_IBUF                                                           |               17 |             65 |
|  mycpu_top_nodelay/core_inst/forward_execute[valid]   |                                                                                             |                                                                     |               22 |             69 |
|  mycpu_top_nodelay/core_inst/dataM_out[regwrite]      |                                                                                             |                                                                     |               25 |             69 |
|  mycpu_top_nodelay/core_inst/forward_writeback[valid] |                                                                                             |                                                                     |               24 |             69 |
|  soc_top_inst/clk_wiz_0/inst/cpu_clk                  |                                                                                             |                                                                     |               17 |             70 |
|  soc_top_inst/clk_wiz_0/inst/cpu_clk                  |                                                                                             | btnC_IBUF                                                           |               21 |             70 |
|  n_2_12340_BUFG                                       |                                                                                             |                                                                     |               37 |            128 |
|  soc_top_inst/clk_wiz_0/inst/cpu_clk                  | soc_top_inst/mycpu_top_nodelay/core_inst/execute_memory/dataE_out_reg[ctl][memread]_0       | soc_top_inst/mycpu_top_nodelay/core_inst/execute_memory/pc          |              121 |            170 |
|  soc_top_inst/clk_wiz_0/inst/cpu_clk                  |                                                                                             | soc_top_inst/mycpu_top_nodelay/core_inst/execute_memory/reset00_out |               85 |            328 |
|  soc_top_inst/clk_wiz_0/inst/cpu_clk                  | soc_top_inst/mycpu_top_nodelay/core_inst/execute_memory/dataE_out_reg[ctl][memread]_0       | soc_top_inst/mycpu_top_nodelay/core_inst/execute_memory/dataD_out   |              101 |            459 |
+-------------------------------------------------------+---------------------------------------------------------------------------------------------+---------------------------------------------------------------------+------------------+----------------+


